// Jest Snapshot v1, https://goo.gl/fbAQLP

exports[`expects to render Footer component 1`] = `ShallowWrapper {}`;
