// Jest Snapshot v1, https://goo.gl/fbAQLP

exports[`expects to render ResponseNotifier component 1`] = `ShallowWrapper {}`;
