// Jest Snapshot v1, https://goo.gl/fbAQLP

exports[`expects to render Logo component 1`] = `ShallowWrapper {}`;
